// Jest Snapshot v1, https://goo.gl/fbAQLP

exports[`Unit tests for Main Component should render a header element 1`] = `
.c0 {
  -webkit-align-items: center;
  -webkit-box-align: center;
  -ms-flex-align: center;
  align-items: center;
  background-color: aliceblue;
  display: -webkit-box;
  display: -webkit-flex;
  display: -ms-flexbox;
  display: flex;
  height: 100vh;
  -webkit-box-pack: center;
  -webkit-justify-content: center;
  -ms-flex-pack: center;
  justify-content: center;
  width: 100vw;
}

<div
  class="c0"
>
  <h1>
    NextJS Boilerplate
  </h1>
</div>
`;
